provider=faster-whisper words=9 captions=9 caption_words=9 density=3.91/s script_aligned=True similarity=1.0
{
  "captions": [
    {
      "text": "That",
      "start": 0.0,
      "end": 0.2
    },
    {
      "text": "night,",
      "start": 0.2,
      "end": 0.46
    },
    {
      "text": "he",
      "start": 0.82,
      "end": 0.96
    },
    {
      "text": "killed",
      "start": 0.96,
      "end": 1.24
    },
    {
      "text": "every",
      "start": 1.24,
      "end": 1.52
    },
    {
      "text": "last",
      "start": 1.52,
      "end": 1.82
    },
    {
      "text": "one",
      "start": 1.82,
      "end": 2.02
    },
    {
      "text": "of",
      "start": 2.02,
      "end": 2.12
    },
    {
      "text": "them.",
      "start": 2.12,
      "end": 2.3
    }
  ],
  "script_aligned": true,
  "similarity": 1.0,
  "timed_words": 9,
  "caption_words": 9,
  "words_per_second": 3.91,
  "provider": "faster-whisper"
}
{
  "verb": "fable.agent-ops.place",
  "revision": 1,
  "envelopes": 1,
  "ops": 1
}
[node plan] 1 window(s), 1 worker(s) x 8 threads, 120 frames -> renders/clean.mp4
[node audio] whole timeline mixed
[node shard done] 1/1 0.00-5.00s 120 frames (33.1 ms/frame) — 1/1 complete
{
  "ok": true,
  "path": "renders/clean.mp4",
  "frames": 120,
  "durationSeconds": 5,
  "diagnostics": [],
  "fallbacks": [],
  "backend": "cpu"
}
fonts dir: /home/user/.higgsfield/workflows/subtitles/scripts/fonts
  ok      TikTokSans-Bold.ttf (cached)
  ok      Montserrat-ExtraBold.ttf (cached)
  ok      Anton-Regular.ttf (cached)
  ok      PatrickHand-Regular.ttf (cached)
  ok      PermanentMarker-Regular.ttf (cached)
  ok      Caveat-Regular.ttf (cached)
DONE -> final.mp4  (clean natural case, no plate, small bottom captions)
{
  "duration_s": 5.0,
  "voice_start_s": 1.0,
  "voice_duration_s": 2.742857,
  "captions": [
    {
      "id": "wa17",
      "start": 1.0,
      "end": 3.55,
      "text": "그날 밤, 킬루 가문을 모두 죽였다.",
      "english": "That night, he killed every last one of them."
    }
  ],
  "voice_end_s": 3.742857,
  "caption_start_s": 1.0,
  "caption_end_s": 3.55,
  "english": "That night, he killed every last one of them.",
  "korean": "그날 밤, 킬루 가문을 모두 죽였다.",
  "transcript_exact_match": true,
  "voice_pcm_correlation": 0.9999728813607265,
  "font": "NotoSerifCJKkr-Medium.otf: \"Noto Serif CJK KR\" \"Medium\"",
  "font_size_ass": 13,
  "margin_v_ass": 32,
  "outline_ass": 0.6,
  "shadow_ass": 0.4,
  "receipts": {
    "source.mp4": {
      "bytes": 7072712,
      "duration": 5.042,
      "streams": [
        {
          "codec_type": "video",
          "codec_name": "h264",
          "width": 1280,
          "height": 720,
          "duration": "5.041667",
          "sample_rate": null,
          "r_frame_rate": "24/1"
        }
      ]
    },
    "voice.mp3": {
      "bytes": 44347,
      "duration": 2.742857,
      "streams": [
        {
          "codec_type": "audio",
          "codec_name": "mp3",
          "width": null,
          "height": null,
          "duration": "2.742857",
          "sample_rate": "44100",
          "r_frame_rate": "0/0"
        }
      ]
    },
    "clean.mp4": {
      "bytes": 4850404,
      "duration": 5.0,
      "streams": [
        {
          "codec_type": "video",
          "codec_name": "h264",
          "width": 1280,
          "height": 720,
          "duration": "5.000000",
          "sample_rate": null,
          "r_frame_rate": "24/1"
        },
        {
          "codec_type": "audio",
          "codec_name": "aac",
          "width": null,
          "height": null,
          "duration": "5.000000",
          "sample_rate": "48000",
          "r_frame_rate": "0/0"
        }
      ]
    },
    "final.mp4": {
      "bytes": 1783320,
      "duration": 5.0,
      "streams": [
        {
          "codec_type": "video",
          "codec_name": "h264",
          "width": 1280,
          "height": 720,
          "duration": "5.000000",
          "sample_rate": null,
          "r_frame_rate": "24/1"
        },
        {
          "codec_type": "audio",
          "codec_name": "aac",
          "width": null,
          "height": null,
          "duration": "5.000000",
          "sample_rate": "48000",
          "r_frame_rate": "0/0"
        }
      ]
    }
  },
  "human_audio_approval": false,
  "visual_review_pending": true
}
