Warning: You are sending unauthenticated requests to the HF Hub. Please set a HF_TOKEN to enable higher rate limits and faster downloads.
provider=faster-whisper words=11 captions=3 caption_words=11 density=2.63/s script_aligned=True similarity=1.0
{
  "captions": [
    {
      "text": "His wife was taken as",
      "start": 0.0,
      "end": 1.34
    },
    {
      "text": "a servant and suffered",
      "start": 1.34,
      "end": 2.76
    },
    {
      "text": "unspeakable horrors,",
      "start": 2.76,
      "end": 4.18
    }
  ],
  "script_aligned": true,
  "similarity": 1.0,
  "timed_words": 11,
  "caption_words": 11,
  "words_per_second": 2.63,
  "provider": "faster-whisper"
}
{
  "verb": "fable.agent-ops.place",
  "revision": 1,
  "envelopes": 1,
  "ops": 1
}
[node plan] 1 window(s), 1 worker(s) x 8 threads, 168 frames -> renders/clean.mp4
[node audio] whole timeline mixed
[node shard done] 1/1 0.00-7.00s 168 frames (23.2 ms/frame) — 1/1 complete
{
  "ok": true,
  "path": "renders/clean.mp4",
  "frames": 168,
  "durationSeconds": 7,
  "diagnostics": [],
  "fallbacks": [],
  "backend": "cpu"
}
fonts dir: /home/user/.higgsfield/workflows/subtitles/scripts/fonts
  ok      TikTokSans-Bold.ttf (upstream, pinned wght=700,opsz=36,wdth=100,slnt=0)
  ok      Montserrat-ExtraBold.ttf (upstream, pinned wght=800)
  ok      Anton-Regular.ttf (upstream)
  ok      PatrickHand-Regular.ttf (upstream)
  ok      PermanentMarker-Regular.ttf (upstream)
  ok      Caveat-Regular.ttf (upstream)
DONE -> final.mp4  (clean natural case, no plate, small bottom captions)
{
  "duration_s": 7.0,
  "voice_start_s": 1.0,
  "voice_duration_s": 4.623673,
  "caption_start_s": 1.0,
  "caption_end_s": 5.43,
  "english": "His wife was taken as a servant and suffered unspeakable horrors,",
  "korean": "아내는 몸종으로 끌려가 온갖 몹쓸 짓을 당했고,",
  "transcript_exact_match": true,
  "voice_pcm_correlation": 0.9999705400760877,
  "font": "NotoSerifCJKkr-Medium.otf: \"Noto Serif CJK KR\" \"Medium\"",
  "font_size_ass": 13,
  "margin_v_ass": 32,
  "outline_ass": 0.6,
  "shadow_ass": 0.4,
  "receipts": {
    "source.mp4": {
      "bytes": 10439276,
      "duration": 7.042,
      "streams": [
        {
          "codec_type": "video",
          "codec_name": "h264",
          "width": 1280,
          "height": 720,
          "duration": "7.041667",
          "sample_rate": null,
          "r_frame_rate": "24/1"
        }
      ]
    },
    "voice.mp3": {
      "bytes": 74440,
      "duration": 4.623673,
      "streams": [
        {
          "codec_type": "audio",
          "codec_name": "mp3",
          "width": null,
          "height": null,
          "duration": "4.623673",
          "sample_rate": "44100",
          "r_frame_rate": "0/0"
        }
      ]
    },
    "clean.mp4": {
      "bytes": 6935181,
      "duration": 7.0,
      "streams": [
        {
          "codec_type": "video",
          "codec_name": "h264",
          "width": 1280,
          "height": 720,
          "duration": "7.000000",
          "sample_rate": null,
          "r_frame_rate": "24/1"
        },
        {
          "codec_type": "audio",
          "codec_name": "aac",
          "width": null,
          "height": null,
          "duration": "7.000000",
          "sample_rate": "48000",
          "r_frame_rate": "0/0"
        }
      ]
    },
    "final.mp4": {
      "bytes": 1465027,
      "duration": 7.0,
      "streams": [
        {
          "codec_type": "video",
          "codec_name": "h264",
          "width": 1280,
          "height": 720,
          "duration": "7.000000",
          "sample_rate": null,
          "r_frame_rate": "24/1"
        },
        {
          "codec_type": "audio",
          "codec_name": "aac",
          "width": null,
          "height": null,
          "duration": "7.000000",
          "sample_rate": "48000",
          "r_frame_rate": "0/0"
        }
      ]
    }
  },
  "human_audio_approval": false,
  "visual_review_pending": true
}
