provider=faster-whisper words=12 captions=3 caption_words=12 density=2.12/s script_aligned=True similarity=1.0
{
  "captions": [
    {
      "text": "Those consumed by rage, driven",
      "start": 0.0,
      "end": 2.32
    },
    {
      "text": "mad by injustice,",
      "start": 2.32,
      "end": 3.56
    },
    {
      "text": "those who lost love.",
      "start": 4.18,
      "end": 5.66
    }
  ],
  "script_aligned": true,
  "similarity": 1.0,
  "timed_words": 12,
  "caption_words": 12,
  "words_per_second": 2.12,
  "provider": "faster-whisper"
}
{
  "verb": "fable.agent-ops.place",
  "revision": 1,
  "envelopes": 1,
  "ops": 1
}
[node plan] 1 window(s), 1 worker(s) x 8 threads, 192 frames -> renders/clean.mp4
[node audio] whole timeline mixed
[node shard done] 1/1 0.00-8.00s 192 frames (26.3 ms/frame) — 1/1 complete
{
  "ok": true,
  "path": "renders/clean.mp4",
  "frames": 192,
  "durationSeconds": 8,
  "diagnostics": [],
  "fallbacks": [],
  "backend": "cpu"
}
fonts dir: /home/user/.higgsfield/workflows/subtitles/scripts/fonts
  ok      TikTokSans-Bold.ttf (cached)
  ok      Montserrat-ExtraBold.ttf (cached)
  ok      Anton-Regular.ttf (cached)
  ok      PatrickHand-Regular.ttf (cached)
  ok      PermanentMarker-Regular.ttf (cached)
  ok      Caveat-Regular.ttf (cached)
DONE -> final.mp4  (clean natural case, no plate, small bottom captions)
{
  "duration_s": 8.0,
  "voice_start_s": 1.0,
  "voice_duration_s": 6.217143,
  "caption_start_s": 1.0,
  "caption_end_s": 6.91,
  "english": "\"Those consumed by rage, driven mad by injustice, those who lost love...\"",
  "korean": "\"분노로 가득 찬 자, 억울함에 미친 자, 사랑을 잃은 자...\"",
  "transcript_exact_match": true,
  "voice_pcm_correlation": 0.9999551174927594,
  "font": "NotoSerifCJKkr-Medium.otf: \"Noto Serif CJK KR\" \"Medium\"",
  "font_size_ass": 13,
  "margin_v_ass": 32,
  "outline_ass": 0.6,
  "shadow_ass": 0.4,
  "receipts": {
    "source.mp4": {
      "bytes": 12944991,
      "duration": 8.042,
      "streams": [
        {
          "codec_type": "video",
          "codec_name": "h264",
          "width": 1280,
          "height": 720,
          "duration": "8.041667",
          "sample_rate": null,
          "r_frame_rate": "24/1"
        }
      ]
    },
    "voice.mp3": {
      "bytes": 99936,
      "duration": 6.217143,
      "streams": [
        {
          "codec_type": "audio",
          "codec_name": "mp3",
          "width": null,
          "height": null,
          "duration": "6.217143",
          "sample_rate": "44100",
          "r_frame_rate": "0/0"
        }
      ]
    },
    "clean.mp4": {
      "bytes": 7884095,
      "duration": 8.0,
      "streams": [
        {
          "codec_type": "video",
          "codec_name": "h264",
          "width": 1280,
          "height": 720,
          "duration": "8.000000",
          "sample_rate": null,
          "r_frame_rate": "24/1"
        },
        {
          "codec_type": "audio",
          "codec_name": "aac",
          "width": null,
          "height": null,
          "duration": "8.000000",
          "sample_rate": "48000",
          "r_frame_rate": "0/0"
        }
      ]
    },
    "final.mp4": {
      "bytes": 3226445,
      "duration": 8.0,
      "streams": [
        {
          "codec_type": "video",
          "codec_name": "h264",
          "width": 1280,
          "height": 720,
          "duration": "8.000000",
          "sample_rate": null,
          "r_frame_rate": "24/1"
        },
        {
          "codec_type": "audio",
          "codec_name": "aac",
          "width": null,
          "height": null,
          "duration": "8.000000",
          "sample_rate": "48000",
          "r_frame_rate": "0/0"
        }
      ]
    }
  },
  "human_audio_approval": false,
  "visual_review_pending": true
}
