provider=faster-whisper words=8 captions=2 caption_words=8 density=2.50/s script_aligned=True similarity=1.0
{
  "captions": [
    {
      "text": "Every day, new souls fall",
      "start": 0.0,
      "end": 1.76
    },
    {
      "text": "into hell's labyrinth.",
      "start": 1.76,
      "end": 3.2
    }
  ],
  "script_aligned": true,
  "similarity": 1.0,
  "timed_words": 8,
  "caption_words": 8,
  "words_per_second": 2.5,
  "provider": "faster-whisper"
}
{
  "verb": "fable.agent-ops.place",
  "revision": 1,
  "envelopes": 1,
  "ops": 1
}
[node plan] 1 window(s), 1 worker(s) x 8 threads, 144 frames -> renders/clean.mp4
[node audio] whole timeline mixed
[node shard done] 1/1 0.00-6.00s 144 frames (28.3 ms/frame) — 1/1 complete
{
  "ok": true,
  "path": "renders/clean.mp4",
  "frames": 144,
  "durationSeconds": 6,
  "diagnostics": [],
  "fallbacks": [],
  "backend": "cpu"
}
fonts dir: /home/user/.higgsfield/workflows/subtitles/scripts/fonts
  ok      TikTokSans-Bold.ttf (cached)
  ok      Montserrat-ExtraBold.ttf (cached)
  ok      Anton-Regular.ttf (cached)
  ok      PatrickHand-Regular.ttf (cached)
  ok      PermanentMarker-Regular.ttf (cached)
  ok      Caveat-Regular.ttf (cached)
DONE -> final.mp4  (clean natural case, no plate, small bottom captions)
{
  "duration_s": 6.0,
  "voice_start_s": 1.0,
  "voice_duration_s": 3.422041,
  "caption_start_s": 1.0,
  "caption_end_s": 4.45,
  "english": "\"Every day, new souls fall into hell's labyrinth.\"",
  "korean": "\"지옥의 미로에는 매일 새로운 영혼이 떨어진다.\"",
  "transcript_exact_match": true,
  "voice_pcm_correlation": 0.9999855554082481,
  "font": "NotoSerifCJKkr-Medium.otf: \"Noto Serif CJK KR\" \"Medium\"",
  "font_size_ass": 13,
  "margin_v_ass": 32,
  "outline_ass": 0.6,
  "shadow_ass": 0.4,
  "receipts": {
    "source.mp4": {
      "bytes": 9157145,
      "duration": 6.042,
      "streams": [
        {
          "codec_type": "video",
          "codec_name": "h264",
          "width": 1280,
          "height": 720,
          "duration": "6.041667",
          "sample_rate": null,
          "r_frame_rate": "24/1"
        }
      ]
    },
    "voice.mp3": {
      "bytes": 55214,
      "duration": 3.422041,
      "streams": [
        {
          "codec_type": "audio",
          "codec_name": "mp3",
          "width": null,
          "height": null,
          "duration": "3.422041",
          "sample_rate": "44100",
          "r_frame_rate": "0/0"
        }
      ]
    },
    "clean.mp4": {
      "bytes": 5900607,
      "duration": 6.0,
      "streams": [
        {
          "codec_type": "video",
          "codec_name": "h264",
          "width": 1280,
          "height": 720,
          "duration": "6.000000",
          "sample_rate": null,
          "r_frame_rate": "24/1"
        },
        {
          "codec_type": "audio",
          "codec_name": "aac",
          "width": null,
          "height": null,
          "duration": "6.000000",
          "sample_rate": "48000",
          "r_frame_rate": "0/0"
        }
      ]
    },
    "final.mp4": {
      "bytes": 2365289,
      "duration": 6.0,
      "streams": [
        {
          "codec_type": "video",
          "codec_name": "h264",
          "width": 1280,
          "height": 720,
          "duration": "6.000000",
          "sample_rate": null,
          "r_frame_rate": "24/1"
        },
        {
          "codec_type": "audio",
          "codec_name": "aac",
          "width": null,
          "height": null,
          "duration": "6.000000",
          "sample_rate": "48000",
          "r_frame_rate": "0/0"
        }
      ]
    }
  },
  "human_audio_approval": false,
  "visual_review_pending": true
}
