provider=faster-whisper words=22 captions=22 caption_words=22 density=2.83/s script_aligned=True similarity=0.9130434782608695
{
  "captions": [
    {
      "text": "He",
      "start": 0.0,
      "end": 0.16
    },
    {
      "text": "cut",
      "start": 0.16,
      "end": 0.44
    },
    {
      "text": "off",
      "start": 0.44,
      "end": 0.62
    },
    {
      "text": "Killu's",
      "start": 0.62,
      "end": 1.2
    },
    {
      "text": "limbs",
      "start": 1.2,
      "end": 1.46
    },
    {
      "text": "with",
      "start": 1.46,
      "end": 1.72
    },
    {
      "text": "a",
      "start": 1.72,
      "end": 1.82
    },
    {
      "text": "blade,",
      "start": 1.82,
      "end": 2.16
    },
    {
      "text": "cauterized",
      "start": 2.48,
      "end": 3.34
    },
    {
      "text": "the",
      "start": 3.34,
      "end": 3.54
    },
    {
      "text": "wounds",
      "start": 3.54,
      "end": 3.84
    },
    {
      "text": "with",
      "start": 3.84,
      "end": 4.06
    },
    {
      "text": "fire,",
      "start": 4.06,
      "end": 4.44
    },
    {
      "text": "and",
      "start": 5.02,
      "end": 5.08
    },
    {
      "text": "kept",
      "start": 5.08,
      "end": 5.4
    },
    {
      "text": "him",
      "start": 5.4,
      "end": 5.58
    },
    {
      "text": "alive",
      "start": 5.58,
      "end": 5.94
    },
    {
      "text": "for",
      "start": 5.94,
      "end": 6.24
    },
    {
      "text": "a",
      "start": 6.24,
      "end": 6.4
    },
    {
      "text": "long,",
      "start": 6.4,
      "end": 6.68
    },
    {
      "text": "long",
      "start": 7.0,
      "end": 7.3
    },
    {
      "text": "time.",
      "start": 7.3,
      "end": 7.78
    }
  ],
  "script_aligned": true,
  "similarity": 0.9130434782608695,
  "timed_words": 22,
  "caption_words": 22,
  "words_per_second": 2.83,
  "provider": "faster-whisper"
}
{
  "verb": "fable.agent-ops.place",
  "revision": 1,
  "envelopes": 1,
  "ops": 1
}
[node plan] 1 window(s), 1 worker(s) x 8 threads, 240 frames -> renders/clean.mp4
[node audio] whole timeline mixed
[node shard done] 1/1 0.00-10.00s 240 frames (26.9 ms/frame) — 1/1 complete
{
  "ok": true,
  "path": "renders/clean.mp4",
  "frames": 240,
  "durationSeconds": 10,
  "diagnostics": [],
  "fallbacks": [],
  "backend": "cpu"
}
fonts dir: /home/user/.higgsfield/workflows/subtitles/scripts/fonts
  ok      TikTokSans-Bold.ttf (cached)
  ok      Montserrat-ExtraBold.ttf (cached)
  ok      Anton-Regular.ttf (cached)
  ok      PatrickHand-Regular.ttf (cached)
  ok      PermanentMarker-Regular.ttf (cached)
  ok      Caveat-Regular.ttf (cached)
DONE -> final.mp4  (clean natural case, no plate, small bottom captions)
{
  "duration_s": 10.0,
  "voice_start_s": 1.0,
  "voice_duration_s": 8.385306,
  "captions": [
    {
      "id": "wa19",
      "start": 1.0,
      "end": 3.41,
      "text": "칼로 킬루의 팔다리를 자르고",
      "english": "He cut off Killu's limbs with a blade,"
    },
    {
      "id": "wa20",
      "start": 3.48,
      "end": 5.69,
      "text": "불로 지혈까지 해주며",
      "english": "cauterized the wounds with fire,"
    },
    {
      "id": "wa21",
      "start": 6.02,
      "end": 9.030000000000001,
      "text": "오래오래 살려두었다.",
      "english": "and kept him alive for a long, long time."
    }
  ],
  "voice_end_s": 9.385306,
  "caption_start_s": 1.0,
  "caption_end_s": 9.030000000000001,
  "english": "He cut off Killu's limbs with a blade, cauterized the wounds with fire, and kept him alive for a long, long time.",
  "korean": "칼로 킬루의 팔다리를 자르고 불로 지혈까지 해주며 오래오래 살려두었다.",
  "transcript_exact_match": true,
  "voice_pcm_correlation": 0.9999674082817174,
  "font": "NotoSerifCJKkr-Medium.otf: \"Noto Serif CJK KR\" \"Medium\"",
  "font_size_ass": 13,
  "margin_v_ass": 32,
  "outline_ass": 0.6,
  "shadow_ass": 0.4,
  "receipts": {
    "source.mp4": {
      "bytes": 10971828,
      "duration": 10.042,
      "streams": [
        {
          "codec_type": "video",
          "codec_name": "h264",
          "width": 1280,
          "height": 720,
          "duration": "10.041667",
          "sample_rate": null,
          "r_frame_rate": "24/1"
        }
      ]
    },
    "voice.mp3": {
      "bytes": 134626,
      "duration": 8.385306,
      "streams": [
        {
          "codec_type": "audio",
          "codec_name": "mp3",
          "width": null,
          "height": null,
          "duration": "8.385306",
          "sample_rate": "44100",
          "r_frame_rate": "0/0"
        }
      ]
    },
    "clean.mp4": {
      "bytes": 10153019,
      "duration": 10.0,
      "streams": [
        {
          "codec_type": "video",
          "codec_name": "h264",
          "width": 1280,
          "height": 720,
          "duration": "10.000000",
          "sample_rate": null,
          "r_frame_rate": "24/1"
        },
        {
          "codec_type": "audio",
          "codec_name": "aac",
          "width": null,
          "height": null,
          "duration": "10.000000",
          "sample_rate": "48000",
          "r_frame_rate": "0/0"
        }
      ]
    },
    "final.mp4": {
      "bytes": 2876825,
      "duration": 10.0,
      "streams": [
        {
          "codec_type": "video",
          "codec_name": "h264",
          "width": 1280,
          "height": 720,
          "duration": "10.000000",
          "sample_rate": null,
          "r_frame_rate": "24/1"
        },
        {
          "codec_type": "audio",
          "codec_name": "aac",
          "width": null,
          "height": null,
          "duration": "10.000000",
          "sample_rate": "48000",
          "r_frame_rate": "0/0"
        }
      ]
    }
  },
  "human_audio_approval": false,
  "visual_review_pending": true
}
