Warning: You are sending unauthenticated requests to the HF Hub. Please set a HF_TOKEN to enable higher rate limits and faster downloads.
provider=faster-whisper words=9 captions=3 caption_words=9 density=2.37/s script_aligned=True similarity=1.0
{
  "captions": [
    {
      "text": "His children were sold into",
      "start": 0.0,
      "end": 1.48
    },
    {
      "text": "slavery",
      "start": 1.48,
      "end": 2.08
    },
    {
      "text": "their fate unknown.",
      "start": 2.86,
      "end": 3.8
    }
  ],
  "script_aligned": true,
  "similarity": 1.0,
  "timed_words": 9,
  "caption_words": 9,
  "words_per_second": 2.37,
  "provider": "faster-whisper"
}
{
  "verb": "fable.agent-ops.place",
  "revision": 1,
  "envelopes": 1,
  "ops": 1
}
[node plan] 1 window(s), 1 worker(s) x 8 threads, 144 frames -> renders/clean.mp4
[node audio] whole timeline mixed
[node shard done] 1/1 0.00-6.00s 144 frames (22.4 ms/frame) — 1/1 complete
{
  "ok": true,
  "path": "renders/clean.mp4",
  "frames": 144,
  "durationSeconds": 6,
  "diagnostics": [],
  "fallbacks": [],
  "backend": "cpu"
}
fonts dir: /home/user/.higgsfield/workflows/subtitles/scripts/fonts
  ok      TikTokSans-Bold.ttf (upstream, pinned wght=700,opsz=36,wdth=100,slnt=0)
  ok      Montserrat-ExtraBold.ttf (upstream, pinned wght=800)
  ok      Anton-Regular.ttf (upstream)
  ok      PatrickHand-Regular.ttf (upstream)
  ok      PermanentMarker-Regular.ttf (upstream)
  ok      Caveat-Regular.ttf (upstream)
DONE -> final.mp4  (clean natural case, no plate, small bottom captions)
{
  "duration_s": 6.0,
  "voice_start_s": 1.0,
  "voice_duration_s": 4.493061,
  "caption_start_s": 1.0,
  "caption_end_s": 5.05,
  "english": "His children were sold into slavery — their fate unknown.",
  "korean": "아이들은 노예로 팔려가 어디에 있는지조차 알 수 없다.",
  "transcript_exact_match": true,
  "voice_pcm_correlation": 0.9999389021587027,
  "font": "NotoSerifCJKkr-Medium.otf: \"Noto Serif CJK KR\" \"Medium\"",
  "font_size_ass": 13,
  "margin_v_ass": 32,
  "outline_ass": 0.6,
  "shadow_ass": 0.4,
  "receipts": {
    "source.mp4": {
      "bytes": 4093640,
      "duration": 6.042,
      "streams": [
        {
          "codec_type": "video",
          "codec_name": "h264",
          "width": 1280,
          "height": 720,
          "duration": "6.041667",
          "sample_rate": null,
          "r_frame_rate": "24/1"
        }
      ]
    },
    "voice.mp3": {
      "bytes": 72351,
      "duration": 4.493061,
      "streams": [
        {
          "codec_type": "audio",
          "codec_name": "mp3",
          "width": null,
          "height": null,
          "duration": "4.493061",
          "sample_rate": "44100",
          "r_frame_rate": "0/0"
        }
      ]
    },
    "clean.mp4": {
      "bytes": 6090273,
      "duration": 6.0,
      "streams": [
        {
          "codec_type": "video",
          "codec_name": "h264",
          "width": 1280,
          "height": 720,
          "duration": "6.000000",
          "sample_rate": null,
          "r_frame_rate": "24/1"
        },
        {
          "codec_type": "audio",
          "codec_name": "aac",
          "width": null,
          "height": null,
          "duration": "6.000000",
          "sample_rate": "48000",
          "r_frame_rate": "0/0"
        }
      ]
    },
    "final.mp4": {
      "bytes": 1055863,
      "duration": 6.0,
      "streams": [
        {
          "codec_type": "video",
          "codec_name": "h264",
          "width": 1280,
          "height": 720,
          "duration": "6.000000",
          "sample_rate": null,
          "r_frame_rate": "24/1"
        },
        {
          "codec_type": "audio",
          "codec_name": "aac",
          "width": null,
          "height": null,
          "duration": "6.000000",
          "sample_rate": "48000",
          "r_frame_rate": "0/0"
        }
      ]
    }
  },
  "human_audio_approval": false,
  "visual_review_pending": true
}
