TAP version 13
# Subtest: the public demo is capped at level 100 and ends after stage 1-1
ok 1 - the public demo is capped at level 100 and ends after stage 1-1
  ---
  duration_ms: 8.156
  type: 'test'
  ...
# Subtest: the lobby and demo build notes describe the same 1-1 level 100 scope
not ok 2 - the lobby and demo build notes describe the same 1-1 level 100 scope
  ---
  duration_ms: 18.857416
  type: 'test'
  location: '/Users/fordeargamers/Projects/exoduser-migration-20261001/tools/team-followup-20261001/UIUX/demo-scope-new-level.test.mjs:21:1'
  failureType: 'testCodeFailure'
  error: |-
    Expected values to be strictly equal:
    + actual - expected
    
    + 'Lv.2 START · Stage 1-1 · Lv.100 Cap'
    - 'Lv.1 START · Stage 1-1 · Lv.100 Cap'
          ^
    
  code: 'ERR_ASSERTION'
  name: 'AssertionError'
  expected: 'Lv.1 START · Stage 1-1 · Lv.100 Cap'
  actual: 'Lv.2 START · Stage 1-1 · Lv.100 Cap'
  operator: 'strictEqual'
  stack: |-
    TestContext.<anonymous> (file:///Users/fordeargamers/Projects/exoduser-migration-20261001/tools/team-followup-20261001/UIUX/demo-scope-new-level.test.mjs:57:21)
    async Test.run (node:internal/test_runner/test:1208:7)
    async Test.processPendingSubtests (node:internal/test_runner/test:831:7)
  ...
# Subtest: current scope documents retain no active 1-4 public-demo contract
ok 3 - current scope documents retain no active 1-4 public-demo contract
  ---
  duration_ms: 0.800125
  type: 'test'
  ...
1..3
# tests 3
# suites 0
# pass 2
# fail 1
# cancelled 0
# skipped 0
# todo 0
# duration_ms 59.620791
