TAP version 13
# Subtest: demo lobby uses the browser save path even when an account session exists
ok 1 - demo lobby uses the browser save path even when an account session exists
  ---
  duration_ms: 0.824708
  type: 'test'
  ...
# Subtest: demo entry URL never labels the browser-only save as a cloud character
ok 2 - demo entry URL never labels the browser-only save as a cloud character
  ---
  duration_ms: 0.809708
  type: 'test'
  ...
# Subtest: local old lobby completion keeps the newer loading screen
ok 3 - local old lobby completion keeps the newer loading screen
  ---
  duration_ms: 0.827
  type: 'test'
  ...
# Subtest: local hidden lobby completion cannot close another loading screen
ok 4 - local hidden lobby completion cannot close another loading screen
  ---
  duration_ms: 0.377666
  type: 'test'
  ...
# Subtest: local current lobby completion closes its loading screen normally
ok 5 - local current lobby completion closes its loading screen normally
  ---
  duration_ms: 0.356417
  type: 'test'
  ...
# Subtest: online old lobby completion keeps the newer loading screen
ok 6 - online old lobby completion keeps the newer loading screen
  ---
  duration_ms: 0.472209
  type: 'test'
  ...
# Subtest: online hidden lobby completion cannot close another loading screen
ok 7 - online hidden lobby completion cannot close another loading screen
  ---
  duration_ms: 0.342
  type: 'test'
  ...
# Subtest: online current lobby completion closes its loading screen normally
ok 8 - online current lobby completion closes its loading screen normally
  ---
  duration_ms: 0.312875
  type: 'test'
  ...
# Subtest: the public demo is capped at level 100 and ends after stage 1-1
ok 9 - the public demo is capped at level 100 and ends after stage 1-1
  ---
  duration_ms: 8.958333
  type: 'test'
  ...
# Subtest: the lobby and demo build notes describe the same 1-1 level 100 scope
ok 10 - the lobby and demo build notes describe the same 1-1 level 100 scope
  ---
  duration_ms: 26.365458
  type: 'test'
  ...
# Subtest: current scope documents retain no active 1-4 public-demo contract
ok 11 - current scope documents retain no active 1-4 public-demo contract
  ---
  duration_ms: 0.608084
  type: 'test'
  ...
1..11
# tests 11
# suites 0
# pass 11
# fail 0
# cancelled 0
# skipped 0
# todo 0
# duration_ms 67.913958
